src/app/(dashboard)/deposits/page.tsx(218,9): error TS2322: Type '(key: keyof DepositItem) => void' is not assignable to type '(key: string | number | symbol) => void'.
  Types of parameters 'key' and 'key' are incompatible.
    Type 'string | number | symbol' is not assignable to type 'keyof DepositItem'.
      Type 'string' is not assignable to type 'keyof DepositItem'.
src/app/(dashboard)/master/page.tsx(267,34): error TS2322: Type '{ children: Element; asChild: true; }' is not assignable to type 'IntrinsicAttributes & Props<unknown>'.
  Property 'asChild' does not exist on type 'IntrinsicAttributes & Props<unknown>'.
src/app/(dashboard)/master/page.tsx(322,34): error TS2322: Type '{ children: Element; asChild: true; }' is not assignable to type 'IntrinsicAttributes & Props<unknown>'.
  Property 'asChild' does not exist on type 'IntrinsicAttributes & Props<unknown>'.
src/app/(dashboard)/transactions/page.tsx(219,59): error TS2554: Expected 1 arguments, but got 2.
src/app/api/reports/by-note/route.ts(29,11): error TS2365: Operator '+' cannot be applied to types 'number' and 'Decimal'.
src/app/api/reports/validate/route.ts(55,54): error TS2365: Operator '+' cannot be applied to types 'number' and 'Decimal'.
src/app/api/reports/validate/route.ts(60,9): error TS2365: Operator '+=' cannot be applied to types 'number' and 'Decimal'.
src/components/deposits/DepositsFilters.tsx(11,29): error TS2307: Cannot find module '../../(dashboard)/deposits/hooks/use-deposits-data' or its corresponding type declarations.
src/components/deposits/DepositsPrintPreview.ts(4,29): error TS2307: Cannot find module '../../(dashboard)/deposits/hooks/use-deposits-data' or its corresponding type declarations.
src/components/deposits/DepositsSupplierSummary.tsx(3,29): error TS2307: Cannot find module '../../(dashboard)/deposits/hooks/use-deposits-data' or its corresponding type declarations.
src/components/deposits/DepositsTable.tsx(7,29): error TS2307: Cannot find module '../../(dashboard)/deposits/hooks/use-deposits-data' or its corresponding type declarations.
src/components/payouts/PayoutsTable.tsx(184,23): error TS2322: Type 'number | boolean | null' is not assignable to type 'boolean'.
  Type 'null' is not assignable to type 'boolean'.
src/components/produk/ProductTable.tsx(126,26): error TS2304: Cannot find name 'cn'.
src/components/transactions/TransactionHeader.tsx(53,27): error TS2322: Type '{ children: Element; asChild: true; }' is not assignable to type 'IntrinsicAttributes & NativeButtonProps & Omit<WithBaseUIEvent<DetailedHTMLProps<ButtonHTMLAttributes<HTMLButtonElement>, HTMLButtonElement>>, "style" | ... 3 more ... | "color"> & { ...; } & { ...; }'.
  Property 'asChild' does not exist on type 'IntrinsicAttributes & NativeButtonProps & Omit<WithBaseUIEvent<DetailedHTMLProps<ButtonHTMLAttributes<HTMLButtonElement>, HTMLButtonElement>>, "style" | ... 3 more ... | "color"> & { ...; } & { ...; }'.
src/components/transactions/TransactionHeader.tsx(65,32): error TS2322: Type '{ children: Element; asChild: true; }' is not assignable to type 'IntrinsicAttributes & Props<unknown>'.
  Property 'asChild' does not exist on type 'IntrinsicAttributes & Props<unknown>'.
